Mo 2. Mär 11:09:07 CET 2020
--------------------------------------------------------------------------
mpirun was unable to launch the specified application as it could not access
or execute an executable:

Executable: ../isp_flow__sdc_test
Node: monta-ThinkPad-E495

while attempting to start process rank 0.
--------------------------------------------------------------------------
--------------------------------------------------------------------------
mpirun was unable to launch the specified application as it could not access
or execute an executable:

Executable: ../isp_flow__sdc_test
Node: monta-ThinkPad-E495

while attempting to start process rank 0.
--------------------------------------------------------------------------
--------------------------------------------------------------------------
mpirun was unable to launch the specified application as it could not access
or execute an executable:

Executable: ../isp_flow__sdc_test
Node: monta-ThinkPad-E495

while attempting to start process rank 0.
--------------------------------------------------------------------------
--------------------------------------------------------------------------
mpirun was unable to launch the specified application as it could not access
or execute an executable:

Executable: ../isp_flow__sdc_test
Node: monta-ThinkPad-E495

while attempting to start process rank 0.
--------------------------------------------------------------------------
--------------------------------------------------------------------------
mpirun was unable to launch the specified application as it could not access
or execute an executable:

Executable: ../isp_flow__sdc_test
Node: monta-ThinkPad-E495

while attempting to start process rank 0.
--------------------------------------------------------------------------
Mo 2. Mär 11:09:07 CET 2020
